// Jest Snapshot v1, https://goo.gl/fbAQLP

exports[`test basic 1`] = `
<div>
  <a
    href="/"
  />
</div>
`;
